============================================================
  Generated by:           Genus(TM) Synthesis Solution 20.11-s111_1
  Generated on:           Jun 12 2026  03:45:21 pm
  Module:                 smart_traffic_3way
  Operating conditions:   slow (balanced_tree)
  Wireload mode:          enclosed
  Area mode:              timing library
============================================================


Path 1: MET (7904 ps) Setup Check with Pin count_reg[3]/CK->D
          Group: clk
     Startpoint: (R) count_reg[5]/CK
          Clock: (R) clk
       Endpoint: (R) count_reg[3]/D
          Clock: (R) clk

                     Capture       Launch     
        Clock Edge:+   10000            0     
       Src Latency:+       0            0     
       Net Latency:+       0 (I)        0 (I) 
           Arrival:=   10000            0     
                                              
             Setup:-     150                  
     Required Time:=    9850                  
      Launch Clock:-       0                  
         Data Path:-    1947                  
             Slack:=    7904                  

#----------------------------------------------------------------------------------------
#  Timing Point   Flags   Arc   Edge   Cell     Fanout Load Trans Delay Arrival Instance 
#                                                      (fF)  (ps)  (ps)   (ps)  Location 
#----------------------------------------------------------------------------------------
  count_reg[5]/CK -       -     R     (arrival)      9    -     0     0       0    (-,-) 
  count_reg[5]/Q  -       CK->Q F     DFFRHQX1       3  6.3    67   349     349    (-,-) 
  g1920__7098/Y   -       B->Y  R     NOR2XL         3  8.2   263   210     558    (-,-) 
  g1904__5477/Y   -       B0->Y F     OAI21X1        1  2.7   118   111     669    (-,-) 
  g1901__9315/Y   -       A1->Y R     OAI21X1        4 11.1   220   194     864    (-,-) 
  g1899/Y         -       A->Y  F     CLKINVX1       2  4.5    87    71     935    (-,-) 
  g1895__5115/Y   -       A1->Y R     AOI21X1        1  1.7    79    82    1017    (-,-) 
  g1892__7098/Y   -       B->Y  F     NOR2XL         1  2.8    54    58    1076    (-,-) 
  g1886__1705/Y   -       B0->Y R     AOI21X1        1  2.7    88    79    1154    (-,-) 
  g1883__1617/Y   -       A1->Y F     OAI21X1        3  7.1   131   116    1270    (-,-) 
  g1878__3680/Y   -       A1->Y R     AOI21X1        1  2.8    87   104    1374    (-,-) 
  g1877__6783/Y   -       C0->Y F     OAI221X1       6 13.5   358   278    1651    (-,-) 
  g1876/Y         -       A->Y  R     INVXL          1  1.7   109    98    1749    (-,-) 
  g1872__2398/Y   -       C0->Y F     OAI211XL       1  1.6   130   122    1871    (-,-) 
  g1869/Y         -       A->Y  R     INVXL          1  2.3    67    76    1947    (-,-) 
  count_reg[3]/D  <<<     -     R     DFFRHQX1       1    -     -     0    1947    (-,-) 
#----------------------------------------------------------------------------------------

